2025-07-04 14:41:07,488 - INFO - excel_base.py - 63 - 配置文件路径: D:\code\study\python-study\test/配置.json
2025-07-04 14:41:07,857 - INFO - excel_base.py - 1494 - 成功读取文件 D:/code/study/python-study/template/5.29/量化一/成交回报.xls
2025-07-04 14:41:07,870 - INFO - excel_base.py - 1494 - 成功读取文件 D:/code/study/python-study/template/5.29/量化一/单元资产.xls
2025-07-04 14:41:07,870 - INFO - excel_base.py - 456 - 读取文件 单元资产 开始 4 118 
2025-07-04 14:41:07,953 - INFO - excel_base.py - 1494 - 成功读取文件 D:/code/study/python-study/template/5.29/量化一/汇总证券-当日持仓.xls
2025-07-04 14:41:08,285 - INFO - excel_base.py - 1494 - 成功读取文件 D:/code/study/python-study/template/5.29/量化一/汇总证券-合计.xls
2025-07-04 14:41:08,285 - INFO - excel_base.py - 515 - 读取文件 汇总证券-合计 开始 3586 14 
2025-07-04 14:41:08,635 - INFO - excel_base.py - 1494 - 成功读取文件 D:/code/study/python-study/template/5.29/量化一/汇总证券-合计-股票.xls
2025-07-04 14:41:08,635 - INFO - excel_base.py - 1135 - 读取文件 汇总证券-合计-股票 开始 3520 14 
2025-07-04 14:41:08,700 - INFO - excel_base.py - 1494 - 成功读取文件 D:/code/study/python-study/template/5.29/量化一/交易所回购.xls
2025-07-04 14:41:08,701 - INFO - excel_base.py - 548 - 读取文件 交易所回购 开始 69 31 
2025-07-04 14:41:08,707 - INFO - excel_base.py - 1494 - 成功读取文件 D:/code/study/python-study/template/5.29/量化一/期货保证金分析.xls
2025-07-04 14:41:08,707 - INFO - excel_base.py - 566 - 读取文件 单元资产 开始 3 47 
2025-07-04 14:41:08,725 - INFO - excel_base.py - 1494 - 成功读取文件 D:/code/study/python-study/template/5.29/量化二/成交回报.xls
2025-07-04 14:41:08,732 - INFO - excel_base.py - 1494 - 成功读取文件 D:/code/study/python-study/template/5.29/量化二/单元资产.xls
2025-07-04 14:41:08,732 - INFO - excel_base.py - 456 - 读取文件 单元资产 开始 3 118 
2025-07-04 14:41:08,744 - INFO - excel_base.py - 1494 - 成功读取文件 D:/code/study/python-study/template/5.29/量化二/汇总证券-当日持仓.xls
2025-07-04 14:41:08,761 - INFO - excel_base.py - 1494 - 成功读取文件 D:/code/study/python-study/template/5.29/量化二/汇总证券-合计.xls
2025-07-04 14:41:08,761 - INFO - excel_base.py - 515 - 读取文件 汇总证券-合计 开始 151 14 
2025-07-04 14:41:08,768 - INFO - excel_base.py - 1494 - 成功读取文件 D:/code/study/python-study/template/5.29/量化二/期货保证金分析.xls
2025-07-04 14:41:08,768 - INFO - excel_base.py - 566 - 读取文件 单元资产 开始 3 47 
2025-07-04 14:41:08,776 - INFO - excel_base.py - 1494 - 成功读取文件 D:/code/study/python-study/template/5.29/量化三/成交回报.xls
2025-07-04 14:41:08,785 - INFO - excel_base.py - 1494 - 成功读取文件 D:/code/study/python-study/template/5.29/量化三/单元资产.xls
2025-07-04 14:41:08,785 - INFO - excel_base.py - 456 - 读取文件 单元资产 开始 3 118 
2025-07-04 14:41:08,793 - INFO - excel_base.py - 1494 - 成功读取文件 D:/code/study/python-study/template/5.29/量化三/汇总证券-当日持仓.xls
2025-07-04 14:41:08,811 - INFO - excel_base.py - 1494 - 成功读取文件 D:/code/study/python-study/template/5.29/量化三/汇总证券-合计.xls
2025-07-04 14:41:08,811 - INFO - excel_base.py - 515 - 读取文件 汇总证券-合计 开始 151 14 
2025-07-04 14:41:08,817 - INFO - excel_base.py - 1494 - 成功读取文件 D:/code/study/python-study/template/5.29/量化三/期货保证金分析.xls
2025-07-04 14:41:08,817 - INFO - excel_base.py - 566 - 读取文件 单元资产 开始 3 47 
2025-07-04 14:41:08,818 - INFO - excel_base.py - 1176 - 读取文件 量化一-结算数据 开始 67
2025-07-04 14:41:08,819 - INFO - excel_base.py - 1176 - 读取文件 量化一-收盘数据 开始 67
2025-07-04 14:41:08,820 - INFO - excel_base.py - 1176 - 读取文件 量化二-结算数据 开始 50
2025-07-04 14:41:08,821 - INFO - excel_base.py - 1176 - 读取文件 量化二-收盘数据 开始 50
2025-07-04 14:41:08,822 - INFO - excel_base.py - 1176 - 读取文件 量化三-结算数据 开始 50
2025-07-04 14:41:08,823 - INFO - excel_base.py - 1176 - 读取文件 量化三-收盘数据 开始 50
2025-07-04 14:41:08,831 - ERROR - excel_base.py - 2042 - 生成 量化一结算数据-二、净值列示设置 单元格时发生错误: JZData.update_data() missing 1 required positional argument: 'meta_info'
2025-07-04 14:41:08,832 - ERROR - excel_base.py - 2093 - 生成 量化一结算数据-注释 单元格时发生错误: '返息/逆回购'
2025-07-04 14:41:13,177 - INFO - category.py - 224 - Using categorical units to plot a list of strings that are all parsable as floats or dates. If these strings should be plotted as numbers, cast to the appropriate data type before plotting.
2025-07-04 14:41:13,185 - INFO - category.py - 224 - Using categorical units to plot a list of strings that are all parsable as floats or dates. If these strings should be plotted as numbers, cast to the appropriate data type before plotting.
2025-07-04 14:41:13,209 - INFO - category.py - 224 - Using categorical units to plot a list of strings that are all parsable as floats or dates. If these strings should be plotted as numbers, cast to the appropriate data type before plotting.
2025-07-04 14:41:17,222 - INFO - category.py - 224 - Using categorical units to plot a list of strings that are all parsable as floats or dates. If these strings should be plotted as numbers, cast to the appropriate data type before plotting.
2025-07-04 14:41:17,229 - INFO - category.py - 224 - Using categorical units to plot a list of strings that are all parsable as floats or dates. If these strings should be plotted as numbers, cast to the appropriate data type before plotting.
2025-07-04 14:41:17,251 - INFO - category.py - 224 - Using categorical units to plot a list of strings that are all parsable as floats or dates. If these strings should be plotted as numbers, cast to the appropriate data type before plotting.
2025-07-04 14:41:31,880 - INFO - excel_base.py - 1842 - Sheet 已成功删除。
2025-07-04 14:41:34,248 - INFO - excel_base.py - 1847 - 目标文件名: D:/code/study/python-study/template/5.29/量化业务日报-2025-05-29.xlsx
2025-07-04 14:42:01,465 - ERROR - excel_base.py - 1821 - 设置新净值信息出错: list index out of range
